// Jest Snapshot v1, https://goo.gl/fbAQLP

exports[`extensions deparse 1`] = `
"BEGIN;

CREATE EXTENSION IF NOT EXISTS \\"blah\\" CASCADE;

GRANT USAGE ON SCHEMA users TO \\"administrator\\";

GRANT EXECUTE ON FUNCTION \\"auth\\".\\"authenticate\\" TO \\"anonymous\\";

GRANT SELECT, INSERT, UPDATE, DELETE ON TABLE \\"auth\\" . \\"token\\" TO \\"administrator\\";

CREATE POLICY \\"delete_user\\" ON \\"users\\" . \\"user\\" FOR DELETE TO \\"authenticated\\" USING ((\\"id\\") = (current_setting('user.id')::uuid));

ROLLBACK;"
`;
