// Jest Snapshot v1, https://goo.gl/fbAQLP

exports[`extensions parse and deparse 1`] = `
Object {
  "query": Array [
    Object {
      "RawStmt": Object {
        "stmt": Object {
          "CreateExtensionStmt": Object {
            "extname": "awesome-roles",
            "options": Array [
              Object {
                "DefElem": Object {
                  "arg": Object {
                    "Integer": Object {
                      "ival": 1,
                    },
                  },
                  "defaction": 0,
                  "defname": "cascade",
                  "location": 33,
                },
              },
            ],
          },
        },
        "stmt_len": 40,
      },
    },
    Object {
      "RawStmt": Object {
        "stmt": Object {
          "CreateExtensionStmt": Object {
            "extname": "awesome-roles",
            "if_not_exists": true,
          },
        },
        "stmt_len": 47,
        "stmt_location": 41,
      },
    },
    Object {
      "RawStmt": Object {
        "stmt": Object {
          "CreateExtensionStmt": Object {
            "extname": "awesome-roles",
            "if_not_exists": true,
            "options": Array [
              Object {
                "DefElem": Object {
                  "arg": Object {
                    "Integer": Object {
                      "ival": 1,
                    },
                  },
                  "defaction": 0,
                  "defname": "cascade",
                  "location": 137,
                },
              },
            ],
          },
        },
        "stmt_len": 55,
        "stmt_location": 89,
      },
    },
  ],
  "stderr": "",
}
`;

exports[`extensions parse and deparse 2`] = `
"CREATE EXTENSION \\"awesome-roles\\" CASCADE;
CREATE EXTENSION IF NOT EXISTS \\"awesome-roles\\";
CREATE EXTENSION IF NOT EXISTS \\"awesome-roles\\" CASCADE;"
`;
